=========================
semba-fdtd
=========================
__________________________________________
Compilation date: Jul  7 2026 10:24:21
Compiler Id: GNU 15.2.0
git commit: UNKNOWN
cmake build type: Release
cmake compilation flags: -fopenmp -ffree-form -ffree-line-length-none -fdec -fallow-argument-mismatch -Ofast
__________________________________________
__________________________________________
All rights reserved by the University of Granada (Spain)
Contact person: Luis D. Angulo <lmdiazangulo@ugr.es>

__________________________________________
Compiled WITH .h5 HDF support
Compiled WITH MTLN support
Compiled WITH SMBJSON support
__________________________________________
Launched on              07/07/2026 10:26
(    1/    1) ERROR: The input file was not found semba-fdtd.nfde
